### 1 MongoDB的Docker安装

```shell script
docker pull mongo:4
docker run --name mongo-27017 \
           -p 27017:27017 \
           -d mongo:4

# 查看日志
docker logs mongo-27017

# Mongo Express是一个给予网络的MongoDB数据库的管理界面
docker pull mongo-express

docker run --link mongo-27017:mongo \
           -p 8081:8081 \
           -d mongo-express
```
通过地址 `http://localhost:8081/` 访问 `mongo-express` 管理界面，管理Mongo

### 2 Mongo shell的使用
```shell script
# mongo she11是用来操作MongoDB的javascript客户端界面
# 运行mongo shell
docker exec -it mongo-27017 mongo
```

* 语法
javascript的语法

### 基本操作

#### 文档主键 `_id`
- 文档主键的唯一性
- 支持所有数据类型(数组除外)

#### 对象主键ObjectId
- 默认的文档主键
- 可以快速生成的12字节id
- 包含创建时间（客户端时间）

#### 创建文档
- db.collection.insert()
- db.collection.save()
- 创建多个文档




---
开始创建第一个文档
```javascript
// db.collection.insertOne()
// 插入语句模板
/*
db.<collection>.insertOne (
    <document>,
    writeConcern: <document>
)
*/
```

> `writeConcern` 是什么？  
> 这里的 `writeConcern` 文档定义了本次文档创建操作的`安全写级别`

> 什么是`安全写级别`？   
> 简单来说，安全写级别用来判断一次数据库写入操作是否成功，
  安全写级别越高，丢失数据的风险就越低，然而写入操作的延迟也可能更高，
  如果不提供`writeConcern`文档，mongoDB使用默认的`安全写级别`


```javascript
// 准备写入数据库的文档
let data = {
    id: "account-1",
    name: "alice",
    balance: 100
}
// 将文档写入accounts集合
db.accounts.insertOne(data)
```

执行结果： 
```shell script
> let data = {
     id: "account-1",
     name: "alice",
     balance: 100
 }
> db.accounts.insertOne(data)
{
        "acknowledged" : true,
        "insertedId" : ObjectId("5f9ae87372981555dfa54afe")
}
>
```
> "acknowledged": true 表示安全写级别被启用
> 由于我们在`db.<collection>.insertOne()`命令中并没有提供writeConcern文档，
这里显示的是mongoDB默认的安全写级别启用状态"insertedId"显示了被写入的文档的 `_id`

查看一下现在的集合列表
```shell script
> show collections
accounts
```

db.<collection>.insertOne()命令会自动创建相应的集合


db.<collection>.insertOne() 使用重复的`_id`创建一个新文档会造成错误
```shell script
// 定义一个指定了ID的账号对象
> let data = {
     _id: "account2",
     name: "bob",
     balance: 50
 }
> db.accounts.insertOne(data)
{ "acknowledged" : true, "insertedId" : "account2" }
```
再插入一次，将抛出错误
```shell script
E11000 duplicate key error collection: test.accounts index
```

```javascript
try {
    db.accounts.insertOne({
         _id: "account2",
         name: "bob",
         balance: 50
    })
} catch(e) {
    print(e.msg)
}
```

自动生成 `_id` 省略创建文档中的 `_id` 字段
```shell script
> db.accounts.insertOne({
     name: 'bob',
     balance: 50
})

{
        "acknowledged" : true,
        "insertedId" : ObjectId("5f9c20536c80fad50031dd5f")
}
```

创建多个文档，命令使用格式
```shell script
db.<collection>.insertMany([<document1>, <document2>, .... ], {
  writeConcern: <document>,
  ordered: <boolean>
})
```
`ordered` 参数用来决定mongoDB是否要按顺序来写入这些文档  
如果将 `ordered` 参数设置为 `false`， mongoDB可以打乱文档写入的顺序，以便优化写入操作的性能  
`ordered`参数的默认值为 `true`

将文档写入accounts集合
```javascript
db.accounts.insertMany([
    {
        name: "charlie",
        balance: 500
    },
    {
        name: "david",
        balance: 200
    }
]);
```
应答结果：
```shell script
{
        "acknowledged" : true,
        "insertedIds" : [
                ObjectId("5f9c23066c80fad50031dd60"),
                ObjectId("5f9c23066c80fad50031dd61")
        ]
}
```

如果db.<collection>.insertMany()遇到了错误  
在顺序写入时遇到错误
```javascript
try {
    db.accounts.insertMany([
        {
            _id: "account1",
            name: "edwrad",
            balance: 700
        },
        {
            name: "fred",
            balance: 20
        }
    ])
} catch(e) {
    print(e)
}
```

在乱序写入时遇到错误
```javascript
try {
    db.accounts.insertMany([
        {
            _id: "account1",
            name: "edwrad",
            balance: 700
        },
        {
            name: "fred",
            balance: 20
        }
    ], {
        ordered: false
    })
} catch(e) {
    print(e)
}
```

总结一下 `db.<collection>.insertMany()` 处理错误的方式  
- 在顺序写入时，一旦遇到错误，操作便会退出，剩余的文档无论正确与否，都不会被写入
- 在乱序写入时，即使某些文档造成了错误，剩余的正确文档仍然会被写入，所以第二篇文档会被正常写入数据库


创建单个或多个文档
```shell script
db.<collection>.insert()
db.<collection>.insert(
  <document or array of documents>,
  {
    writeConcern: <document>,
    ordered:< <boolean>
  }
)
```

将文档写入accounts集合
```shell script
> db.accounts.insert({
  name: "george",
  balance: 1000
})
WriteResult({ "nInserted" : 1 })
```

如果db. collection. insert()遇到了错误...
```shell script
> db.accounts.insert([
    {
      _id: "account1",
      name: "george",
      balance: 1000
    },
    {
      name: "henry",
      balance: 2000
    }
])
```

---

`insertOne` `insertMany` `insert` 的区别
三个命令返回的结果文档格式不一样
insertOne返回的正确结果文档:
```shell script
{
  "acknowledged": true,
  "insertedId": ObjectId("56fc40f9d735c28df206d078")
}
```

`insertOne` 和 `insertMany` 命令不支持 `db.<collection>.explain()` 命令
insert支持 `db.<collection>.explain()` 命令

---
另一个可以用来创建文档的命令
```shell script
db.<collection>.save(<document>,
  {
    writeConcern: <document>
  }
)
```

当`db.<collection>.save()`命令处理一个新文档的时候，它会调用 `db.<collection>.insert()` 命令

从默认的对象主键objectId `_id` 提取时间戳
```shell script
> ObjectId("5f9c2d4397f866783a975ff9").getTimestamp()
ISODate("2020-10-30T15:12:03Z")
```

复合主键
可以使用文档作为文档主键
> db. accounts . insert (
{
_id: { accountNo: "001", type: " savings"}，
name:"irene”，
balance: 80
}


符合主键，顺序不同也会成为不同的key

> db. accounts . insert (
{
_id: { type:
savings "，accountNo:
"001"}，
name:
" irene" ,
balance: 80
}
)
WriteResult( { " nInserted" : 1 } )

---

读取文档
- db.collection.find()
- 匹配查询
- 查询操作符

游标
- 查询操作返回的结果游标
- 游标的迭代与操作

投射
- 只返回部分字段
- 内嵌文档的投射
- 数组的投射


读取文档
```shell script
db.<collection>.find(<query>, <projection>)
```
- projection 文档定义了对读取结果进行的投射


读取并格式化
```shell script
> db.accounts.find({name: "george"}).pretty()
{
        "_id" : ObjectId("5f9c2c8597f371108fc9b336"),
        "name" : "george",
        "balance" : 1000
}
{
        "_id" : ObjectId("5f9c2d4397f866783a975ff8"),
        "name" : "george",
        "balance" : 1000
}
```

筛选文档，匹配查询  
读取alice的银行账户文档
```shell script
> db.accounts.find({name: "alice"}).pretty()
{
        "_id" : ObjectId("5f9ae87372981555dfa54afe"),
        "id" : "account-1",
        "name" : "alice",
        "balance" : 100
}
```

读取alice的余额为100元的银行账户文档
```shell script
> db.accounts.find({
  name: "alice",
  balance: 100
}).pretty()
{
        "_id" : ObjectId("5f9ae87372981555dfa54afe"),
        "id" : "account-1",
        "name" : "alice",
        "balance" : 100
}
```

准备数据，插入两条符合主键数据
```shell script
> db.accounts.insert([
  {
    _id: {type: "savings", id: "account01"},
    name: "alice",
    balance: 100
  },
  {
    _id: {type: "ok", id: "account01"},
    name: "alice",
    balance: 100
  }
])

BulkWriteResult({
        "writeErrors" : [ ],
        "writeConcernErrors" : [ ],
        "nInserted" : 2,
        "nUpserted" : 0,
        "nMatched" : 0,
        "nModified" : 0,
        "nRemoved" : 0,
        "upserted" : [ ]
})
```

读取银行账户类型为储蓄账户的文档
```shell script
> db.accounts.find({
  "_id.type": "savings"
}).pretty()

{
        "_id" : {
                "type" : "savings",
                "id" : "account01"
        },
        "name" : "alice",
        "balance" : 100
}
```

比较操作符
```shell script
{ <field>: { $<operator>: <value> } }
```
- $eq 匹配字段值相 等的文档
- $ne 匹配字 段值不等的文档
- $gt 匹配字段值大于查询值的文档
- $gte 匹配字段值大于或等于查询值的文档
- $lt 匹配字段值小于查询值的文档
- $lte 匹配字段值小于或等于查询值的文档

读取alice的银行账户文档
```mongojs
db.accounts.find({
    name: {$eq: "alice"}
})
```

这个筛选条件和我们之前使用的匹配查询有相同的效果
```mongojs
db.accounts.find({
    name: "alice"
})
```

读取不属于alice的银行账户文档
```mongojs
db.accounts.find({
    name: {$ne: "alice"}
})
```

读取银行账户类型不是储蓄账户的文档
```mongojs
db.accounts.find({
    "_id.type": { $ne: "savings" }
})
```

> $ne也会筛选出并不包含查询字段的文档

读取余额大于500的银行账户文档
```mongojs
db.accounts.find({
    balance: {$gt: 500}
})
```

读取用户名字排在fred之前的银行账户文档
```mongojs
db.accounts.find({
    name: {$gt: "fred"}
})
```

- $in 匹配字段值与任一-查询值相等的文档
- $nin 匹配字段值与任何查询值都不等的文档

操作符使用格式
```shell script
{ field: {$in: [<value1>, <value2> ... <valueN>]}}
```

读取 alice 和 charlie 的银行账户文档
```mongojs
db.accounts.find({
    name: {$in: ["alice", "charlie"]}
})
```

读取除了alice和charlie以外的其他用户的银行账户文档
```mongojs
db.accounts.find({
    name: {$nin: ["alice", "charlie"]}
})
```

读取账户类型不是储蓄账户的银行账户文档
```mongojs
db.accounts.find({
    "_id.type": {$nin: ["savings"]}
})
```

> $nin 也会筛选出并不包含查询字段的文档

- $not 匹配筛选条件不成立的文档
- $and 匹配多个筛选条件全部成立的文档
- $or 匹配至少一个筛选条件成立的文档
- $nor 匹配多个筛选条件全部不成立的文档

表达式格式
```shell script
{field: { $not: {<operator-expression>} }}
```

读取余额不小于500的银行账户文档
```mongojs
db.accounts.find({
    balance: { $not: { $lt: 500 } }
})
```

读取账户类型不是储蓄账户的银行账户文档
```mongojs
db.accounts.find({
    "_id.type": { $not: {$eq: "savings"} }
})
```

> $not也会筛选出并不包含查询字段的文档

$and表达式
```shell script
{ $and: [ {<expression1>}, {<expression2>}, ... , {<expressionN>} ] }
```
读取余额大于100并且用户姓名排在fred之后的银行账户文档
```mongojs
db.accounts.find({
    $and: [
        {balance: {$gt: 100}},
        {name: {$gt: "fred"}}
    ]
})
```
应答结果：
```shell script
{ "_id" : ObjectId("5f9c2c8597f371108fc9b336"), "name" : "george", "balance" : 1000 }
{ "_id" : ObjectId("5f9c2d4397f866783a975ff8"), "name" : "george", "balance" : 1000 }
{ "_id" : ObjectId("5f9c2d4397f866783a975ff9"), "name" : "henry", "balance" : 2000 }
```

当筛选条件应用在不同字段上时，可以省略$and操作符，上面的查询语句可以简写成
```mongojs
db.accounts.find({
    balance: {$gt: 100},
    name: {$gt: "fred"}
})
```
执行结果：
```shell script
> db.accounts.find({
     balance: {$gt: 100},
     name: {$gt: "fred"}
})
{ "_id" : ObjectId("5f9c2c8597f371108fc9b336"), "name" : "george", "balance" : 1000 }
{ "_id" : ObjectId("5f9c2d4397f866783a975ff8"), "name" : "george", "balance" : 1000 }
{ "_id" : ObjectId("5f9c2d4397f866783a975ff9"), "name" : "henry", "balance" : 2000 }
```

> 当筛选条件应用在同一个字段上时，也可以简化命令

读取余额大于100并且小于500的银行账户文档
```mongojs
db.accounts.find({
    balance: {
        $gt: 100,
        $lt: 500
    }
})
```
执行结果：
```shell script
> db.accounts.find({
     balance: {
         $gt: 100,
         $lt: 500
     }
})
{ "_id" : ObjectId("5f9c23066c80fad50031dd61"), "name" : "david", "balance" : 200 }
```

读取属于alice或者charlie的银行账户文档
```mongojs
db.accounts.find({
    $or: [
        {name: {$eq: "alice"}},
        {name: {$eq: "charlie"}}
    ]
})
```
应答结果：
```shell script
{ "_id" : ObjectId("5f9ae87372981555dfa54afe"), "id" : "account-1", "name" : "alice", "balance" : 100 }
{ "_id" : ObjectId("5f9c23066c80fad50031dd60"), "name" : "charlie", "balance" : 500 }
{ "_id" : { "type" : "savings", "id" : "account01" }, "name" : "alice", "balance" : 100 }
{ "_id" : { "type" : "ok", "id" : "account01" }, "name" : "alice", "balance" : 100 }
```

当所有筛选条件使用的都是$eq操作符时，$or和$in的效果是相同的  

如上面的查询要求也可以写成
```mongojs
db.accounts.find({
    name: {$in: ["alice", "charlie"]}
})
```
运行结果如上面的实例一样

读取余额小于100或者大于500的银行账户文档
```mongojs
db.accounts.find({
    $or: [
        { balance: { $lt: 100 } },
        { balance: { $gt: 500 } }
    ]
})
```

读取不属于alice和charlie且余额不小于100的银行账户文档
```mongojs
db.accounts.find({
    $nor: [
        { name: "alice" },
        { name: "charlie" },
        { balance: { $lt: 100 } }
    ]   
})
```

---
字段操作符
- $exists 匹配包含查询字段的文档
- $type 匹配字段类型符合查询值的文档

表达式格式：
```shell script
{ field: { $exists: <boolean> } }
```

```mongojs
db.accounts.find({
    "_id.type": { $exists: true }
})
```
应答结果：
```shell script
{ "_id" : { "type" : "savings", "id" : "account01" }, "name" : "alice", "balance" : 100 }
{ "_id" : { "type" : "ok", "id" : "account01" }, "name" : "alice", "balance" : 100 }
```

> 之前介绍的有些操作符会筛选出不包含查询字段的文档

读取账户类型不是支票账户的银行账户文档
```mongojs
db.accounts.find({
    "_id.type": { $ne: "checking" }
})
```
上面的查询语句会把没有type字段的文档也一并查询出来

如果增加一个$exists操作符，就可以得到更准确的筛选结果  
```mongojs
db.accounts.find({
    "_id.type": { $ne: "checking", $exists: true }
})
```

表达式格式：
```shell script
{ field: { $type: <BSON type> } }

{ field: { $type: [ <BSON type1>, <BSON type2>, ... ] } }
```
读取文档主键是字符串的银行账户文档
```mongojs
db.accounts.find({
    "_id": { $type: "string" }
})
```
运行结果：
```shell script
{ "_id" : "account1", "name" : "edwrad", "balance" : 700 }
{ "_id" : "account2", "name" : "bob", "balance" : 50 }
```

读取文档主键是对象主键或者是复合主键的银行账户文档
```mongojs
db.accounts.find({
    "_id": { $type: ["objectId", "object"] }
})
```

-----------读取用户姓名是null的银行账户文档~~~~~
```mongojs
db.accounts.find({
    name: { $type: "null" }
})
```

也可以使用对应的BSON类型序号作为$type操作符的参数
```mongojs
db.accounts.find({
    _id: { $type: 2 }
})
```
应答结果：
```shell script
{ "_id" : "account1", "name" : "edwrad", "balance" : 700 }
{ "_id" : "account2", "name" : "bob", "balance" : 50 }
```

---
#### 数组

数组操作符
```shell script
{ <field>: { $all: [ <value1>, <value2>, ... ] } }
```

创建包含数组和嵌套数组的文档
```mongojs
db.accounts.insert([
    {
        name: "jack",
        balance: 2000,
        contact: ["11111111", "Alabama", "US"]
    },
    {
        name: "karen",
        balance: 2500,
        contact: [ ["22222222", "33333333"], "Beijing", "China" ]
    }
])
```

读取联系地址位于中国北京的银行账户文档
```mongojs
db.accounts.find({
    contact: { $all: ["China", "Beijing"] }
})
```

读取联系电话包含22222222和33333333的银行账户文档
```mongojs
db.accounts.find({
    contact: { $all: [["22222222", "33333333"]] }
})
```

$elemMatch表达式
```shell script
{ <field>: { $elemMatch: { <query1>, <query2>, ... } } }
```

读取联系电话范围在10000000至20000000之间的银行账户文档(联系方式是存储再数组中的)
```mongojs
db.accounts.find({
    contact: {
        $elemMatch: {
            $gt: "10000000",
            $lt: "20000000"
        }
    }   
})
```
```shell script
{ "_id" : ObjectId("5f9d87301ccb041d44f8333b"), "name" : "jack", "balance" : 2000, "contact" : [ "11111111", "Alabama", "US" ] }
```

> 将$al1与$elemMatch结合在一起使用

读取包含一个在10000000至20000000之间，和一个在20000000至30000000之间的联系电话的银行账户文档
```mongojs
db.accounts.find({
    contact: {
        $all: [
            { $elemMatch: { $gt: "10000000", $lt: "20000000" } },
            { $elemMatch: { $gt: "20000000", $lt: "30000000" } }
        ]
    }
})
```

$regex匹配满足正则表达式的文档
```shell script
{ <field>: {  : /pattern/,  : '<options>' } }
{ <field>: {  : /pattern/<options> } }
```
>兼容PCRE v8.41正则表达式库  
 在和$in操作符一起使用时，只能使用/pattern/<options>

读取用户姓名以c或者j开头的银行账户文档
```mongojs
db.accounts.find({
    name: { $in: [ /^c/, /^j/ ] }
})
```

读取用户姓名包含LIE(不区分大小写)的银行账户文档
```mongojs
db.accounts.find( {
    name: { $regex: /LIE/, $options: 'i' }
} )
```

---

文档游标
> db.collection.find()返回一个文档集合游标，在不迭代游标的情况下只列出前20个文档  
```mongojs
let myCursor = db.accounts.find();
myCursor
```
> 我们也可以使用游标下标直接访问文档集合中的某一个文档  
```mongojs
let myCursor = db.accounts.find();
myCursor[1]
```
> 游历完游标中所有的文档之后，或者在10分钟之后，游标便会自动关闭  
> 可以使用noCursorTimeout()函数来保持游标一直有效  
```mongojs
let myCursor = db.accounts.find().noCursorTimeout()
```
在这之后，在不遍历游标的情况下，你需要主动关闭游标
```mongojs
myCursor.close()
```

游标函数
```mongojs
cursor.hasNext()
cursor.next()
cursor.forEach()
cursor.limit()
cursor.skip()
cursor.count()
cursor.sort()
```

```mongojs
let myCursor = db.accounts.find( { name: "george" } )
while(myCursor.hasNext()) {
    printjson(myCursor.next())
}
```

```mongojs
myCursor.forEach(printjson)
```

```mongojs
db.accounts.find( {name: "george"} ).limit(1)
```

```mongojs
db.accounts.find( {name: "george"} ).skip(1)
```

cursor.count(<applySkipLimit>)　　
默认情况下，<applySkipLimit>为false，即cursor.count()不考虑cursor.limit()　cursor.skip()的效果

```mongojs
db.accounts.find({name: "george"}).limit(1).count()
db.accounts.find({name: "george"}).limit(1).count(true)
```
在不提供筛选条件时，cursor.count()会从集合的元数据Metadata中取得结果
```mongojs
db.accounts.find().count()
```

> 当数据库分布式结构较为复杂时，元数据中的文档数量可能不准确  
  在这种情况下，应该避免应用不提供筛选条件的cursor.count()函数， 而使用聚合  
  管道来计算文档数量  

```shell script
cursor.sort(<document>)
```
这里的<document>定义了排序的要求
```shell script
{ field: ordering }
```
1表示由小及大的正向排序，-1表示逆向排序

按照余额从大到小，用户姓名按字母排序的方式排列银行账户文档
```mongojs
db.accounts.find().sort({
    balance: -1,
    name: 1
})
```

读取余额最大的银行账户文档
```mongojs
db.accounts.find().sort({balance: -1}).limit(1)
```

cursor.skip()，cursor.limit()，cursor.sort()

cursor.skip()在cursor.limit()之前执行

cursor.sort()在cursor.skip()和cursor.limit()之前执行

当结合在一起使用时，游标函数的应用顺序是sort(),skip(), limit()

文档投影

不使用投影时， db.<collection>.find() 返回符合筛选条件的完整文档
而使用投影可以有选择性的返回文档中的部分字段
```shell script
{ field: inclusion }
```
1表示返回字段，0表示不返回字段

只返回银行账户文档中的用户姓名
```mongojs
db.accounts.find({}, {name: 1})
```

只返回银行账户文档中的用户姓名(不包括文档主键)
```mongojs
db.accounts.find({}, {name: 1, _id: 0})
```

不返回银行账户文档中的用户姓名(也不返回文档主键)
```mongojs
db.accounts.find({}, {name: 0, _id: 0})
```

> 除了文档主键之外，我们不可以在投影文档中混合使用包含和不包含这两种投影操作
  要么在投影文档中列出所有应该包含的字段，要么列出所有不应该包含的字段

在数组字段上使用投影
$slice操作符可以返回数组字段中的部分元素
```mongojs
db.accounts.find({}, {
    _id: 0,
    name: 1,
    contact: 1
})
```

$slide表达式好像不好使～～！！！
```mongojs
db.accounts.find({}, {
    _id: 0,
    name: 1,
    contact: { $slide: 1 }
})
```

在数组字段上使用投影　　
$elemMatch和$操作符可以返回数组字段中满足筛选条件的第一个元素
```mongojs
db.accounts.find({}, {
    _id: 0,
    name: 1,
    contact: { $elemMatch: { $gt: "Alabama" } }
})
```
```mongojs
db.accounts.find({
    contact: {$gt: "Alabama"}
}, {
    _id: 0,
    name: 1,
    "contact.$": 1
})
```

---

更新文档
- db.collection.update()
- db.collection.findAndModify()
- db.collection.save()

再来看一看alice的银行账户文档
```mongojs
db.accounts.find({name: "alice"})
```
将alice的账户余额更改为123
```mongojs
db.accounts.update({
    name: "alice"
}, {
    name: "alice",
    balance: 123
})
```
> 在使用<update>文档替换整篇被更新文档时，
> 只有*第一篇*符合<query>文档筛选条件的文档会被更新

更新账户余额在20到80之间的账户文档
```mongojs
db.accounts.find({ balance: {$gt: 20, $lt: 80} })
db.accounts.update( {
    balance: {$gt: 20, $lt: 80}
}, {
    name: "bill",
    balance: 50,
    gender: "M"
} )
```

文档更新操作符
- $set 更新或新增字段
- $unset 删除字段
- $rename 重命名字段
- $inc 加减字段值
- $mul相乘字段值
- $min 比较减小字段值
- $max 比较增大字段值

查看jack的银行账户文档
```mongojs
db.accounts.find({name: "jack"}).pretty()
```

更新jack的银行账户余额和开户信息
```mongojs
db.accounts.update({name: "jack"}, {
    $set: {
        balance: 3000,
        info: {
            dateOpened: new ISODate("2020-11-01T23:27:37Z"),
            branch: "branch1"
        }
    }
})
```
更新jack的银行账户的开户时间
```mongojs
db.accounts.update({name: "jack"}, {
    $set: {
        "info.dateOpened": new ISODate("2020-11-01T23:30:23Z")
    }
})
```

更新或新增数组内的字段，更新jack的联系电话
```mongojs
db.accounts.update({name: "jack"}, {
    $set: {
        "contact.0": "66666666"
    }
})
```

添加jack的联系方式
```mongojs
db.accounts.update({name: "jack"}, {
    $set: {
        "contact.3": "new contact"
    }
})
```

再次添加jack的联系方式
```mongojs
db.accounts.update({name: "jack"}, {
    $set: {
        "contact.5": "another new contact"
    }
})
```
查询结果：
```shell script
> db.accounts.find({name: "jack"}).pretty()
{
        "_id" : ObjectId("5f9d87301ccb041d44f8333b"),
        "name" : "jack",
        "balance" : 3000,
        "contact" : [
                "66666666",
                "Alabama",
                "US",
                "new contact",
                null,
                "another new contact"
        ],
        "info" : {
                "dateOpened" : ISODate("2020-11-01T23:30:23Z"),
                "branch" : "branch1"
        }
}
```
> 如果向现有数组字段范围以外的位置添加新值，数组字段的长度会扩大，
> 未被赋值的数组成员将被设置为null

删除jack的银行账户余额和开户地点
```mongojs
db.accounts.update({name: "jack"}, {
    $unset: {
        balance: "",
        "info.branch": ""
    }
})
```
执行结果：
```shell script
> db.accounts.update({name: "jack"}, {
...     $unset: {
...         balance: "",
...         "info.branch": ""
...     }
... })
WriteResult({ "nMatched" : 1, "nUpserted" : 0, "nModified" : 1 })
> db.accounts.find({name: "jack"}).pretty()
{
        "_id" : ObjectId("5f9d87301ccb041d44f8333b"),
        "name" : "jack",
        "contact" : [
                "66666666",
                "Alabama",
                "US",
                "new contact",
                null,
                "another new contact"
        ],
        "info" : {
                "dateOpened" : ISODate("2020-11-01T23:30:23Z")
        }
}
```

> 其实$unset命令中的赋值("")对操作结果并没有任何影响

删除jack的银行开户时间
```mongojs
db.accounts.update({name: "jack"}, {
    $unset: {
        "info.dateOpened": "this can be any value"
    }
})
```

> 如果$unset命令中的字段根本不存在，那么文档内容将保持不变
```mongojs
db.accounts.update({name: "jack"}, {
    $unset: {
        notExist: ""
    }
})
```
执行结果：
```shell script
> db.accounts.update({name: "jack"}, {
...     $unset: {
...         notExist: ""
...     }
... })
WriteResult({ "nMatched" : 1, "nUpserted" : 0, "nModified" : 0 })
```

删除数组内的字段 - 删除jack的联系电话
```mongojs
db.accounts.update({name: "jack"}, {
    $unset: {
        "contact.0": ""
    }
})
```
执行结果：
```shell script
> db.accounts.find({name: "jack"}).pretty()
{
        "_id" : ObjectId("5f9d87301ccb041d44f8333b"),
        "name" : "jack",
        "contact" : [
                "66666666",
                "Alabama",
                "US",
                "new contact",
                null,
                "another new contact"
        ],
        "info" : {

        }
}
> db.accounts.update({name: "jack"}, {
...     $unset: {
...         "contact.0": ""
...     }
... })
WriteResult({ "nMatched" : 1, "nUpserted" : 0, "nModified" : 1 })
> db.accounts.find({name: "jack"}).pretty()
{
        "_id" : ObjectId("5f9d87301ccb041d44f8333b"),
        "name" : "jack",
        "contact" : [
                null,
                "Alabama",
                "US",
                "new contact",
                null,
                "another new contact"
        ],
        "info" : {

        }
}
```
> 当使用$unset命令删除数组字段中的某一个元素时，
  这个元素不会被删除，只会被赋以null值，而数组的长度不会改变

重命名字段
```shell script
{ $rename: {<field1>: <newName1>, <field2>: <newName2>, ...} }
```
> 如果$rename命令要重命名的字段并不存在， 那么文档内容不会被改变

```mongojs
db.accounts.update({name: "jack"}, {
    $rename: {
        "notExist": "name"
    }
})
```
应答结果：
```shell script
> db.accounts.update({name: "jack"}, {
...     $rename: {
...         "notExist": "name"
...     }
... })
WriteResult({ "nMatched" : 1, "nUpserted" : 0, "nModified" : 0 })
```
> 如果新的字段名已经存在，那么原有的这个字段会被覆盖
```mongojs
db.accounts.update({name: "jack"}, {
    $rename: {
        name: "contact"
    }
})
```
> 当`$rename`命令中的新字段存在的时候，`$rename`命令会先`$unset`新旧字段，然后再`$set`新字段

重命名内嵌文档的字段  

更新karen的银行账户的开户时间和联系方式
```mongojs
db.accounts.find({name: "karen"}).pretty()

db.accounts.update({name: "karen"}, {
    $set: {
        info: {
            dateOpene: new ISODate("2020-11-02T22:25:09Z"),
            branch: "branch1"
        }, 
        "contact.3": {
            primaryEmail: "xxx@gmail.com",
            secondaryEmail: "yyy@gmail.com"
        }   
    }
})
```
应答结果：
```shell script
> db.accounts.update({name: "karen"}, {
...     $set: {
...         info: {
...             dateOpene: new ISODate("2020-11-02T22:25:09Z"),
...             branch: "branch1"
...         }, 
...         "contact.3": {
...             primaryEmail: "xxx@gmail.com",
...             secondaryEmail: "yyy@gmail.com"
...         }   
...     }
... })
WriteResult({ "nMatched" : 1, "nUpserted" : 0, "nModified" : 1 })
> db.accounts.find({name: "karen"}).pretty()
{
        "_id" : ObjectId("5f9d87301ccb041d44f8333c"),
        "name" : "karen",
        "balance" : 2500,
        "contact" : [
                [
                        "22222222",
                        "33333333"
                ],
                "Beijing",
                "China",
                {
                        "primaryEmail" : "xxx@gmail.com",
                        "secondaryEmail" : "yyy@gmail.com"
                }
        ],
        "info" : {
                "dateOpene" : ISODate("2020-11-02T22:25:09Z"),
                "branch" : "branch1"
        }
}
```

更新账户余额和开户地点字段在文档中的位置
```mongojs
db.accounts.update({ name: "karen" }, {
    $rename: {
        "info.branch": "branch",
        "balance": "info.balance"
    }
})
```
应答结果：
```shell script
> db.accounts.update({ name: "karen" }, {
...     $rename: {
...         "info.branch": "branch",
...         "balance": "info.balance"
...     }
... })
WriteResult({ "nMatched" : 1, "nUpserted" : 0, "nModified" : 1 })
> db.accounts.find({name: "karen"}).pretty()
{
        "_id" : ObjectId("5f9d87301ccb041d44f8333c"),
        "name" : "karen",
        "contact" : [
                [
                        "22222222",
                        "33333333"
                ],
                "Beijing",
                "China",
                {
                        "primaryEmail" : "xxx@gmail.com",
                        "secondaryEmail" : "yyy@gmail.com"
                }
        ],
        "info" : {
                "dateOpene" : ISODate("2020-11-02T22:25:09Z"),
                "balance" : 2500
        },
        "branch" : "branch1"
}
```
重命名数组中内嵌文档的字段

更新karen的联系方式
```mongojs
db.accounts.update({name: "karen"}, {
    $rename: {
        "contact.3.primaryEmail": "primaryEmail"
    }
})
```
报错了：
```shell script
> db.accounts.update({name: "karen"}, {
...     $rename: {
...         "contact.3.primaryEmail": "primaryEmail"
...     }
... })
WriteResult({
        "nMatched" : 0,
        "nUpserted" : 0,
        "nModified" : 0,
        "writeError" : {
                "code" : 2,
                "errmsg" : "The source field cannot be an array element, 'contact.3.primaryEmail' in doc with _id: ObjectId('5f9d87301ccb041d44f8333c') has an array field called 'contact'"
        }
})
```

```mongojs
db.accounts.update({name: "karen"}, {
    $rename: {
        "branch": "contact.3.branch"
    }
})
```
执行结果：
```shell script
> db.accounts.update({name: "karen"}, {
...     $rename: {
...         "branch": "contact.3.branch"
...     }
... })
WriteResult({
        "nMatched" : 0,
        "nUpserted" : 0,
        "nModified" : 0,
        "writeError" : {
                "code" : 2,
                "errmsg" : "The destination field cannot be an array element, 'contact.3.branch' in doc with _id: ObjectId('5f9d87301ccb041d44f8333c') has an array field called 'contact'"
        }
})
```

> $rename命令中的旧字段和新字段都不可以指向数组元素
  这一点和之前介绍过的$set和$unset命令不同

查看david的银行账户文档
```mongojs
db.accounts.find({name: "david"}).pretty()
```
应答结果：
```shell script
> db.accounts.find({name: "david"}).pretty()
{
        "_id" : ObjectId("5f9c23066c80fad50031dd61"),
        "name" : "david",
        "balance" : 200
}
```

更新david的账户余额
```mongojs
db.accounts.update({name: "david"}, {
    $inc: {
        balance: -0.5
    }
})
```
应答结果：
```shell script
> db.accounts.update({name: "david"}, {
...     $inc: {
...         balance: -0.5
...     }
... })
WriteResult({ "nMatched" : 1, "nUpserted" : 0, "nModified" : 1 })
> db.accounts.find({name: "david"}).pretty()
{
        "_id" : ObjectId("5f9c23066c80fad50031dd61"),
        "name" : "david",
        "balance" : 199.5
}
```

更新david的账户余额
```mongojs
db.accounts.update({name: "david"}, {
    $inc: {
        balance: 0.5
    }
})
```
应答结果：
```shell script
> db.accounts.update({name: "david"}, {
...     $inc: {
...         balance: 0.5
...     }
... })
WriteResult({ "nMatched" : 1, "nUpserted" : 0, "nModified" : 1 })
> db.accounts.find({name: "david"}).pretty()
{
        "_id" : ObjectId("5f9c23066c80fad50031dd61"),
        "name" : "david",
        "balance" : 200
}
```

$inc和$mul命令只能应用在数字字段上
```mongojs
db.accounts.update({name: "david"}, {
    $inc: {
        name: -0.5
    }
})
```
应答结果：
```shell script
> db.accounts.update({name: "david"}, {
...     $inc: {
...         name: -0.5
...     }
... })
WriteResult({
        "nMatched" : 0,
        "nUpserted" : 0,
        "nModified" : 0,
        "writeError" : {
                "code" : 14,
                "errmsg" : "Cannot apply $inc to a value of non-numeric type. {_id: ObjectId('5f9c23066c80fad50031dd61')} has the field 'name' of non-numeric type string"
        }
})
```

如果被更新的字段不存在..
```mongojs
db.accounts.update({name: "david"}, {
    $inc: {
        notYetExist: 10
    }
})
```
应答结果：
```shell script
> db.accounts.update({name: "david"}, {
...     $inc: {
...         notYetExist: 10
...     }
... })
WriteResult({ "nMatched" : 1, "nUpserted" : 0, "nModified" : 1 })
> db.accounts.find({name: "david"}).pretty()
{
        "_id" : ObjectId("5f9c23066c80fad50031dd61"),
        "name" : "david",
        "balance" : 200,
        "notYetExist" : 10
}
```

> 如果被更新的字段不存在，$inc会创建字段，并且将字段值设为命令中的增减值
而$mul会创建字段，但是把字段值设为0

更新操作符
```shell script
{ $min: {<field1>: <value1>, ...} }
{ $max: {<field1>: <value1>, ...} }
```

比较之后更新字段值  

查看karen的银行账户文档
```mongojs
db.accounts.find({name: "karen"}, {name: 1, info: 1, _id: 0}).pretty()
```
```shell script
> db.accounts.find({name: "karen"}, {name: 1, info: 1, _id: 0}).pretty()
{
        "name" : "karen",
        "info" : {
                "dateOpene" : ISODate("2020-11-02T22:25:09Z"),
                "balance" : 2500
        }
}
```

更新karen的账户余额
```mongojs
db.accounts.update({name: "karen"}, {
    $min: {
        "info.balance": 5000
    }
})
```
```shell script
> db.accounts.update({name: "karen"}, {
...     $min: {
...         "info.balance": 5000
...     }
... })
WriteResult({ "nMatched" : 1, "nUpserted" : 0, "nModified" : 0 })
> db.accounts.find({name: "karen"}, {name: 1, info: 1, _id: 0}).pretty()
{
        "name" : "karen",
        "info" : {
                "dateOpene" : ISODate("2020-11-02T22:25:09Z"),
                "balance" : 2500
        }
}
```

```mongojs
db.accounts.update({name: "karen"}, {
    $max: {
        "info.balance": 5000
    }
})
```

```shell script
> db.accounts.update({name: "karen"}, {
...     $max: {
...         "info.balance": 5000
...     }
... })
WriteResult({ "nMatched" : 1, "nUpserted" : 0, "nModified" : 1 })
> db.accounts.find({name: "karen"}, {name: 1, info: 1, _id: 0}).pretty()
{
        "name" : "karen",
        "info" : {
                "dateOpene" : ISODate("2020-11-02T22:25:09Z"),
                "balance" : 5000
        }
}
```

如果被更新的字段不存在
```mongojs
db.accounts.update({name: "karen"}, {
    $min: {
        notYetExist: 10
    }
})
```

```shell script
> db.accounts.update({name: "karen"}, {
...     $min: {
...         notYetExist: 10
...     }
... })
WriteResult({ "nMatched" : 1, "nUpserted" : 0, "nModified" : 1 })
> db.accounts.find({name: "karen"}, {name: 1, info: 1, notYetExist:1, _id: 0}).pretty()
{
        "name" : "karen",
        "info" : {
                "dateOpene" : ISODate("2020-11-02T22:25:09Z"),
                "balance" : 5000
        },
        "notYetExist" : 10
}
```

> 如果被更新的字段不存在，`$min`和`$max`命令会创建字段，并且将字段值设为命令中的更新值

如果被更新的字段类型和更新值类型不一致
```mongojs
db.accounts.update({name: "karen"}, {
    $min: {
        "info.balance": null
    }
})
```
执行结果：
```shell script
> db.accounts.update({name: "karen"}, {
...     $min: {
...         "info.balance": null
...     }
... })
WriteResult({ "nMatched" : 1, "nUpserted" : 0, "nModified" : 1 })
> db.accounts.find({name: "karen"}, {name: 1, info: 1, notYetExist:1, _id: 0}).pretty()
{
        "name" : "karen",
        "info" : {
                "dateOpene" : ISODate("2020-11-02T22:25:09Z"),
                "balance" : null
        },
        "notYetExist" : 10
}
```

> 如果被更新的字段类型和更新值类型不一致，$min和$max命令会按照BSON数据类型排序规则进行比较

最小     Null  
        Numbers (ints, longs, doubles, decimals )  
        Symbol, String  
        object  
        Array  
        BinData  
        ObjectId  
        Boolean  
        Date  
        Timestamp  
最大     Regular Expression  


更新操作符
数组更新操作符
- $addToSet 向数组中增添元素
- $pop 从数组中移除元素
- $pull 从数组中有选择性地移除元素
- $pul1A1l 从数组中有选择性地移除元素
- $push 向数组中增添元素

向数组字段中添加元素

查看karen的银行账户文档
```mongojs
db.accounts.find(
    {name: "karen"}, 
    {name: 1, contact: 1, _id: 0}
).pretty()
```

向karen的账户文档中添加联系方式
```mongojs
db.accounts.update({name: "karen"}, {
    $addToSet: {
        contact: "China"
    }
})
```

> 如果要插入的值已经存在数组字段中，则$addToSet不会再添加重复值

> 注意一下，使用$addToSet插入数组和文档时，插入值中的字段顺序也和已有值重复的时候，才被算作重复值被忽略

查看karen的银行账户文档
```mongojs
db.accounts.find({name: "karen"}, {
    name: 1, contact: 1, _id: 0
}).pretty()
```

向karen的账户文档中添加新的联系方式
```mongojs
db.accounts.update({name: "karen"}, {
    $addToSet: {
        contact: {
            "secondaryEmail": "yyy@gmail.com",
            "primaryEmail": "xxx@gmail.com"
        }
    }
})
```

向karen的账户文档中添加多个联系方式
```mongojs
db.accouunts.update({name: "karen"}, {
    $addToSet: {
        contact: ["contact1", "contact2"]
    }
})
```

> $addToSet会将数组插入被更新的数组字段中，成为内嵌数组

如果想要将多个元素直接添加到数组字段中，则需要使用$each操作符

向karen的账户文档中添加多个联系方式
```mongojs
db.accounts.update({name: "karen"}, {
    $addToSet: {
        contact: { $each: ["contact1", "contact2"] }
    }   
})
```

从karen的账户文档中删除最后一个联系方式
```mongojs
db.accounts.update({name: "karen"}, {
    $pop: {"contact.5": -1}
})
```

查看karen的银行账户文档
```mongojs
db.accounts.find({name: "karen"}, {
    name: 1, contact: 1, _id: 0
}).pretty()
```

> 删除掉数组中最后一个元素后，会留下空数组
> 注意一点，$pop操作符只能应用在数组字段上

将karen的账户文档复制为lawrence的账户文档
```mongojs
db.accounts.find(
    {name: "karen"}, 
    {_id: 0}
).forEach(function(doc) {
    var newDoc = doc
    newDoc.name = "lawrence"
    db.accounts.insert(newDoc)
})
```

从karen的联系方式中删去包含 hi 字母的元素
> 想一想，既然是针对数组元素的筛选条件，是否需要使用$elemMatch操作符呢?
> 事实上，既然$pul1操作符本身是只能作用在数组元素上的，我们便不需要再额外使用$elemMatch操作符了
```mongojs
db.accounts.update(
    {name: "karen"}, 
    {$pull: {contact: {$regex: /hi/}}}
)
```

从karen的联系方式中删去电话号码22222222
```mongojs
db.accounts.update(
    {name: "karen"}, 
    {$pull: {contact: {$elemMatch: {$eq: "22222222"}}}}
)
```

```shell script
{ $pullAll: {<field1>: [<value1>, <value2>]} }
```
相当于
```shell script
{ $pull: {<field1>: { $in: [<value1>, <value2>] }} }
```
> 如果要删去的元素是一个数组,数组元素的值和排列顺序都必须和被删除的数组完全一样

$pul1命令会删去包含指定的文档字段和字段值的文档元素，字段排列顺序不需要完全匹配
```mongojs
db.accounts.update(
    {name: "lawrence"}, 
    {$pull: contact: {"primaryEmail": "xxx@gmail.com"}}
)
```

更新操作符
```shell script
{$pull: {<field1>: <value1>, ...}}
```
向数组字段中添加元素

$push和$addToSet命令相似，但是$push命令的功能更强大。 和$addToSet命令一样，
如果$push命令中指定的数组字段不存在，这个字段会被添加到原文档中


更新文档选项
```shell script
{ multi: <boolean> }
```

更新多个文档
到目前为止，我们在update命令中使用的筛选条件只对应于一篇文档
在默认情况下，即使筛选条件对应了多篇文档，update命 令仍然只会更新*一篇*文档

使用multi选项来更新多个符合筛选条件的文档
```mongojs
db.accounts.update(
    {}, 
    { $set: {currency: "USD"} }, 
    { $nulti: true }
)
```

> 注意，MongoDB只 能保证*单个*文档操作的原子性，不能保证*多个*文档操作的原子性  
> 更新多个文档的操作虽然在单一线程中执行，但是线程在执行过程中可能被挂起，以便其他线程也有机会对数据进行操作  
> 如果需要保证多个文档操作时的原子性，就需要使用MongoDB 4.0版本引入的事务功能进行操作  
> 有关事务功能的讲解，大家可以参考"MongoDB 4.0新特性“课程  

---

删除文档
```shell script
db.<collection>.remove(<query>, <options>)

# <query> 文档定义了删除操作时筛选文档的条件
# <options> 文档声明了一些删除操作的参数
```

> 在默认情况下， remove命令会删除所有符合筛选条件的文档  
> 如果只想删除满足筛选条件的*第一篇*文档， 可以使用justOne选项

删除一篇余额小于100的银行账户文档
```mongojs
db.accounts.remove(
    {balance: {$lt: 100}}, 
    {justOne: true}
)
```

删除集合内的所有文档
```mongojs
db.accounts.remove({})
```

删除集合
```shell script
db.<collection>.drop()
db.<collection>.drop( { writeConcern: <document> } )
```

> 这里的writeConcern文档定义了本次集合删除操作的安全写级别  
> 之前的remove命令可以删除集合内的所有文档，但是不会删除集合  

drop命令可以删除整个集合，包括集合中的所有文档，以及集合的索引

如果集合中的文档数量很多，使用remove命令删除所有文档的效率不高  
这种情况下，更加有效率的方法，是使用drop命令删除集合，然后再创建空集合并创建索引  




